src/api/client.ts(1,63): error TS2307: Cannot find module 'axios' or its corresponding type declarations.
src/api/client.ts(4,29): error TS2339: Property 'env' does not exist on type 'ImportMeta'.
src/api/client.ts(23,6): error TS7006: Parameter 'error' implicitly has an 'any' type.
src/api/client.ts(45,6): error TS7006: Parameter 'response' implicitly has an 'any' type.
src/App.tsx(1,37): error TS2307: Cannot find module 'react' or its corresponding type declarations.
src/App.tsx(2,54): error TS2307: Cannot find module 'react-router-dom' or its corresponding type declarations.
src/App.tsx(17,51): error TS2503: Cannot find namespace 'React'.
src/App.tsx(23,13): error TS7026: JSX element implicitly has type 'any' because no interface 'JSX.IntrinsicElements' exists.
src/App.tsx(23,13): error TS2875: This JSX tag requires the module path 'react/jsx-runtime' to exist, but none could be found. Make sure you have types for the appropriate package installed.
src/App.tsx(24,17): error TS7026: JSX element implicitly has type 'any' because no interface 'JSX.IntrinsicElements' exists.
src/App.tsx(24,94): error TS7026: JSX element implicitly has type 'any' because no interface 'JSX.IntrinsicElements' exists.
src/App.tsx(25,13): error TS7026: JSX element implicitly has type 'any' because no interface 'JSX.IntrinsicElements' exists.
src/App.tsx(60,13): error TS7026: JSX element implicitly has type 'any' because no interface 'JSX.IntrinsicElements' exists.
src/App.tsx(61,17): error TS7026: JSX element implicitly has type 'any' because no interface 'JSX.IntrinsicElements' exists.
src/App.tsx(62,21): error TS7026: JSX element implicitly has type 'any' because no interface 'JSX.IntrinsicElements' exists.
src/App.tsx(62,113): error TS7026: JSX element implicitly has type 'any' because no interface 'JSX.IntrinsicElements' exists.
src/App.tsx(63,21): error TS7026: JSX element implicitly has type 'any' because no interface 'JSX.IntrinsicElements' exists.
src/App.tsx(63,80): error TS7026: JSX element implicitly has type 'any' because no interface 'JSX.IntrinsicElements' exists.
src/App.tsx(64,17): error TS7026: JSX element implicitly has type 'any' because no interface 'JSX.IntrinsicElements' exists.
src/App.tsx(65,13): error TS7026: JSX element implicitly has type 'any' because no interface 'JSX.IntrinsicElements' exists.
src/components/charts/BarChartCard.tsx(1,25): error TS2307: Cannot find module 'react' or its corresponding type declarations.
src/components/charts/BarChartCard.tsx(11,8): error TS2307: Cannot find module 'recharts' or its corresponding type declarations.
src/components/charts/BarChartCard.tsx(30,9): error TS2875: This JSX tag requires the module path 'react/jsx-runtime' to exist, but none could be found. Make sure you have types for the appropriate package installed.
src/components/charts/BarChartCard.tsx(35,17): error TS7026: JSX element implicitly has type 'any' because no interface 'JSX.IntrinsicElements' exists.
src/components/charts/BarChartCard.tsx(49,49): error TS7006: Parameter 'value' implicitly has an 'any' type.
src/components/charts/BarChartCard.tsx(72,17): error TS7026: JSX element implicitly has type 'any' because no interface 'JSX.IntrinsicElements' exists.
src/components/charts/ChartSkeleton.tsx(10,9): error TS2875: This JSX tag requires the module path 'react/jsx-runtime' to exist, but none could be found. Make sure you have types for the appropriate package installed.
src/components/charts/LineChartCard.tsx(1,25): error TS2307: Cannot find module 'react' or its corresponding type declarations.
src/components/charts/LineChartCard.tsx(11,8): error TS2307: Cannot find module 'recharts' or its corresponding type declarations.
src/components/charts/LineChartCard.tsx(30,9): error TS2875: This JSX tag requires the module path 'react/jsx-runtime' to exist, but none could be found. Make sure you have types for the appropriate package installed.
src/components/charts/LineChartCard.tsx(35,17): error TS7026: JSX element implicitly has type 'any' because no interface 'JSX.IntrinsicElements' exists.
src/components/charts/LineChartCard.tsx(49,49): error TS7006: Parameter 'value' implicitly has an 'any' type.
src/components/charts/LineChartCard.tsx(75,17): error TS7026: JSX element implicitly has type 'any' because no interface 'JSX.IntrinsicElements' exists.
src/components/layout/MainLayout.tsx(1,24): error TS2307: Cannot find module 'react-router-dom' or its corresponding type declarations.
src/components/layout/MainLayout.tsx(6,9): error TS7026: JSX element implicitly has type 'any' because no interface 'JSX.IntrinsicElements' exists.
src/components/layout/MainLayout.tsx(6,9): error TS2875: This JSX tag requires the module path 'react/jsx-runtime' to exist, but none could be found. Make sure you have types for the appropriate package installed.
src/components/layout/MainLayout.tsx(8,13): error TS7026: JSX element implicitly has type 'any' because no interface 'JSX.IntrinsicElements' exists.
src/components/layout/MainLayout.tsx(9,17): error TS7026: JSX element implicitly has type 'any' because no interface 'JSX.IntrinsicElements' exists.
src/components/layout/MainLayout.tsx(11,17): error TS7026: JSX element implicitly has type 'any' because no interface 'JSX.IntrinsicElements' exists.
src/components/layout/MainLayout.tsx(12,13): error TS7026: JSX element implicitly has type 'any' because no interface 'JSX.IntrinsicElements' exists.
src/components/layout/MainLayout.tsx(13,9): error TS7026: JSX element implicitly has type 'any' because no interface 'JSX.IntrinsicElements' exists.
src/components/layout/Sidebar.tsx(1,38): error TS2307: Cannot find module 'react-router-dom' or its corresponding type declarations.
src/components/layout/Sidebar.tsx(13,8): error TS2307: Cannot find module 'lucide-react' or its corresponding type declarations.
src/components/layout/Sidebar.tsx(14,26): error TS2307: Cannot find module 'react' or its corresponding type declarations.
src/components/layout/Sidebar.tsx(45,9): error TS2875: This JSX tag requires the module path 'react/jsx-runtime' to exist, but none could be found. Make sure you have types for the appropriate package installed.
src/components/layout/Sidebar.tsx(47,13): error TS7026: JSX element implicitly has type 'any' because no interface 'JSX.IntrinsicElements' exists.
src/components/layout/Sidebar.tsx(53,13): error TS7026: JSX element implicitly has type 'any' because no interface 'JSX.IntrinsicElements' exists.
src/components/layout/Sidebar.tsx(57,17): error TS7026: JSX element implicitly has type 'any' because no interface 'JSX.IntrinsicElements' exists.
src/components/layout/Sidebar.tsx(64,13): error TS7026: JSX element implicitly has type 'any' because no interface 'JSX.IntrinsicElements' exists.
src/components/layout/Sidebar.tsx(71,17): error TS7026: JSX element implicitly has type 'any' because no interface 'JSX.IntrinsicElements' exists.
src/components/layout/Sidebar.tsx(73,21): error TS7026: JSX element implicitly has type 'any' because no interface 'JSX.IntrinsicElements' exists.
src/components/layout/Sidebar.tsx(74,25): error TS7026: JSX element implicitly has type 'any' because no interface 'JSX.IntrinsicElements' exists.
src/components/layout/Sidebar.tsx(74,83): error TS7026: JSX element implicitly has type 'any' because no interface 'JSX.IntrinsicElements' exists.
src/components/layout/Sidebar.tsx(75,25): error TS7026: JSX element implicitly has type 'any' because no interface 'JSX.IntrinsicElements' exists.
src/components/layout/Sidebar.tsx(75,81): error TS7026: JSX element implicitly has type 'any' because no interface 'JSX.IntrinsicElements' exists.
src/components/layout/Sidebar.tsx(76,21): error TS7026: JSX element implicitly has type 'any' because no interface 'JSX.IntrinsicElements' exists.
src/components/layout/Sidebar.tsx(79,21): error TS7026: JSX element implicitly has type 'any' because no interface 'JSX.IntrinsicElements' exists.
src/components/layout/Sidebar.tsx(85,47): error TS7031: Binding element 'isActive' implicitly has an 'any' type.
src/components/layout/Sidebar.tsx(93,33): error TS7026: JSX element implicitly has type 'any' because no interface 'JSX.IntrinsicElements' exists.
src/components/layout/Sidebar.tsx(93,51): error TS7026: JSX element implicitly has type 'any' because no interface 'JSX.IntrinsicElements' exists.
src/components/layout/Sidebar.tsx(96,21): error TS7026: JSX element implicitly has type 'any' because no interface 'JSX.IntrinsicElements' exists.
src/components/layout/Sidebar.tsx(99,21): error TS7026: JSX element implicitly has type 'any' because no interface 'JSX.IntrinsicElements' exists.
src/components/layout/Sidebar.tsx(100,25): error TS7026: JSX element implicitly has type 'any' because no interface 'JSX.IntrinsicElements' exists.
src/components/layout/Sidebar.tsx(101,29): error TS7026: JSX element implicitly has type 'any' because no interface 'JSX.IntrinsicElements' exists.
src/components/layout/Sidebar.tsx(101,78): error TS7026: JSX element implicitly has type 'any' because no interface 'JSX.IntrinsicElements' exists.
src/components/layout/Sidebar.tsx(102,29): error TS7026: JSX element implicitly has type 'any' because no interface 'JSX.IntrinsicElements' exists.
src/components/layout/Sidebar.tsx(102,78): error TS7026: JSX element implicitly has type 'any' because no interface 'JSX.IntrinsicElements' exists.
src/components/layout/Sidebar.tsx(103,25): error TS7026: JSX element implicitly has type 'any' because no interface 'JSX.IntrinsicElements' exists.
src/components/layout/Sidebar.tsx(112,21): error TS7026: JSX element implicitly has type 'any' because no interface 'JSX.IntrinsicElements' exists.
src/components/layout/Sidebar.tsx(113,17): error TS7026: JSX element implicitly has type 'any' because no interface 'JSX.IntrinsicElements' exists.
src/components/layout/Sidebar.tsx(114,13): error TS7026: JSX element implicitly has type 'any' because no interface 'JSX.IntrinsicElements' exists.
src/components/ui/button.tsx(1,24): error TS2307: Cannot find module 'react' or its corresponding type declarations.
src/components/ui/button.tsx(2,22): error TS2307: Cannot find module '@radix-ui/react-slot' or its corresponding type declarations.
src/components/ui/button.tsx(3,40): error TS2307: Cannot find module 'class-variance-authority' or its corresponding type declarations.
src/components/ui/button.tsx(42,8): error TS7031: Binding element 'className' implicitly has an 'any' type.
src/components/ui/button.tsx(42,19): error TS7031: Binding element 'variant' implicitly has an 'any' type.
src/components/ui/button.tsx(42,28): error TS7031: Binding element 'size' implicitly has an 'any' type.
src/components/ui/button.tsx(42,63): error TS7006: Parameter 'ref' implicitly has an 'any' type.
src/components/ui/button.tsx(45,13): error TS2875: This JSX tag requires the module path 'react/jsx-runtime' to exist, but none could be found. Make sure you have types for the appropriate package installed.
src/components/ui/card.tsx(1,24): error TS2307: Cannot find module 'react' or its corresponding type declarations.
src/components/ui/card.tsx(7,6): error TS7031: Binding element 'className' implicitly has an 'any' type.
src/components/ui/card.tsx(7,29): error TS7006: Parameter 'ref' implicitly has an 'any' type.
src/components/ui/card.tsx(8,5): error TS2875: This JSX tag requires the module path 'react/jsx-runtime' to exist, but none could be found. Make sure you have types for the appropriate package installed.
src/components/ui/card.tsx(8,5): error TS7026: JSX element implicitly has type 'any' because no interface 'JSX.IntrinsicElements' exists.
src/components/ui/card.tsx(22,6): error TS7031: Binding element 'className' implicitly has an 'any' type.
src/components/ui/card.tsx(22,29): error TS7006: Parameter 'ref' implicitly has an 'any' type.
src/components/ui/card.tsx(23,5): error TS7026: JSX element implicitly has type 'any' because no interface 'JSX.IntrinsicElements' exists.
src/components/ui/card.tsx(34,6): error TS7031: Binding element 'className' implicitly has an 'any' type.
src/components/ui/card.tsx(34,29): error TS7006: Parameter 'ref' implicitly has an 'any' type.
src/components/ui/card.tsx(35,5): error TS7026: JSX element implicitly has type 'any' because no interface 'JSX.IntrinsicElements' exists.
src/components/ui/card.tsx(49,6): error TS7031: Binding element 'className' implicitly has an 'any' type.
src/components/ui/card.tsx(49,29): error TS7006: Parameter 'ref' implicitly has an 'any' type.
src/components/ui/card.tsx(50,5): error TS7026: JSX element implicitly has type 'any' because no interface 'JSX.IntrinsicElements' exists.
src/components/ui/card.tsx(61,6): error TS7031: Binding element 'className' implicitly has an 'any' type.
src/components/ui/card.tsx(61,29): error TS7006: Parameter 'ref' implicitly has an 'any' type.
src/components/ui/card.tsx(62,5): error TS7026: JSX element implicitly has type 'any' because no interface 'JSX.IntrinsicElements' exists.
src/components/ui/card.tsx(69,6): error TS7031: Binding element 'className' implicitly has an 'any' type.
src/components/ui/card.tsx(69,29): error TS7006: Parameter 'ref' implicitly has an 'any' type.
src/components/ui/card.tsx(70,5): error TS7026: JSX element implicitly has type 'any' because no interface 'JSX.IntrinsicElements' exists.
src/components/ui/dialog.tsx(1,24): error TS2307: Cannot find module 'react' or its corresponding type declarations.
src/components/ui/dialog.tsx(2,34): error TS2307: Cannot find module '@radix-ui/react-dialog' or its corresponding type declarations.
src/components/ui/dialog.tsx(3,19): error TS2307: Cannot find module 'lucide-react' or its corresponding type declarations.
src/components/ui/dialog.tsx(14,6): error TS7031: Binding element 'className' implicitly has an 'any' type.
src/components/ui/dialog.tsx(14,29): error TS7006: Parameter 'ref' implicitly has an 'any' type.
src/components/ui/dialog.tsx(15,5): error TS2875: This JSX tag requires the module path 'react/jsx-runtime' to exist, but none could be found. Make sure you have types for the appropriate package installed.
src/components/ui/dialog.tsx(29,6): error TS7031: Binding element 'className' implicitly has an 'any' type.
src/components/ui/dialog.tsx(29,17): error TS7031: Binding element 'children' implicitly has an 'any' type.
src/components/ui/dialog.tsx(29,39): error TS7006: Parameter 'ref' implicitly has an 'any' type.
src/components/ui/dialog.tsx(43,17): error TS7026: JSX element implicitly has type 'any' because no interface 'JSX.IntrinsicElements' exists.
src/components/ui/dialog.tsx(43,48): error TS7026: JSX element implicitly has type 'any' because no interface 'JSX.IntrinsicElements' exists.
src/components/ui/dialog.tsx(54,5): error TS7026: JSX element implicitly has type 'any' because no interface 'JSX.IntrinsicElements' exists.
src/components/ui/dialog.tsx(65,5): error TS7026: JSX element implicitly has type 'any' because no interface 'JSX.IntrinsicElements' exists.
src/components/ui/dialog.tsx(75,6): error TS7031: Binding element 'className' implicitly has an 'any' type.
src/components/ui/dialog.tsx(75,29): error TS7006: Parameter 'ref' implicitly has an 'any' type.
src/components/ui/dialog.tsx(87,6): error TS7031: Binding element 'className' implicitly has an 'any' type.
src/components/ui/dialog.tsx(87,29): error TS7006: Parameter 'ref' implicitly has an 'any' type.
src/components/ui/input.tsx(1,24): error TS2307: Cannot find module 'react' or its corresponding type declarations.
src/components/ui/input.tsx(8,8): error TS7031: Binding element 'className' implicitly has an 'any' type.
src/components/ui/input.tsx(8,19): error TS7031: Binding element 'type' implicitly has an 'any' type.
src/components/ui/input.tsx(8,37): error TS7006: Parameter 'ref' implicitly has an 'any' type.
src/components/ui/input.tsx(10,13): error TS2875: This JSX tag requires the module path 'react/jsx-runtime' to exist, but none could be found. Make sure you have types for the appropriate package installed.
src/components/ui/input.tsx(10,13): error TS7026: JSX element implicitly has type 'any' because no interface 'JSX.IntrinsicElements' exists.
src/components/ui/label.tsx(1,24): error TS2307: Cannot find module 'react' or its corresponding type declarations.
src/components/ui/label.tsx(2,33): error TS2307: Cannot find module '@radix-ui/react-label' or its corresponding type declarations.
src/components/ui/label.tsx(3,40): error TS2307: Cannot find module 'class-variance-authority' or its corresponding type declarations.
src/components/ui/label.tsx(14,6): error TS7031: Binding element 'className' implicitly has an 'any' type.
src/components/ui/label.tsx(14,29): error TS7006: Parameter 'ref' implicitly has an 'any' type.
src/components/ui/label.tsx(15,5): error TS2875: This JSX tag requires the module path 'react/jsx-runtime' to exist, but none could be found. Make sure you have types for the appropriate package installed.
src/components/ui/select.tsx(1,24): error TS2307: Cannot find module 'react' or its corresponding type declarations.
src/components/ui/select.tsx(2,34): error TS2307: Cannot find module '@radix-ui/react-select' or its corresponding type declarations.
src/components/ui/select.tsx(3,47): error TS2307: Cannot find module 'lucide-react' or its corresponding type declarations.
src/components/ui/select.tsx(13,6): error TS7031: Binding element 'className' implicitly has an 'any' type.
src/components/ui/select.tsx(13,17): error TS7031: Binding element 'children' implicitly has an 'any' type.
src/components/ui/select.tsx(13,39): error TS7006: Parameter 'ref' implicitly has an 'any' type.
src/components/ui/select.tsx(14,5): error TS2875: This JSX tag requires the module path 'react/jsx-runtime' to exist, but none could be found. Make sure you have types for the appropriate package installed.
src/components/ui/select.tsx(33,6): error TS7031: Binding element 'className' implicitly has an 'any' type.
src/components/ui/select.tsx(33,29): error TS7006: Parameter 'ref' implicitly has an 'any' type.
src/components/ui/select.tsx(47,6): error TS7031: Binding element 'className' implicitly has an 'any' type.
src/components/ui/select.tsx(47,29): error TS7006: Parameter 'ref' implicitly has an 'any' type.
src/components/ui/select.tsx(61,6): error TS7031: Binding element 'className' implicitly has an 'any' type.
src/components/ui/select.tsx(61,17): error TS7031: Binding element 'children' implicitly has an 'any' type.
src/components/ui/select.tsx(61,60): error TS7006: Parameter 'ref' implicitly has an 'any' type.
src/components/ui/select.tsx(93,6): error TS7031: Binding element 'className' implicitly has an 'any' type.
src/components/ui/select.tsx(93,17): error TS7031: Binding element 'children' implicitly has an 'any' type.
src/components/ui/select.tsx(93,39): error TS7006: Parameter 'ref' implicitly has an 'any' type.
src/components/ui/select.tsx(102,9): error TS7026: JSX element implicitly has type 'any' because no interface 'JSX.IntrinsicElements' exists.
src/components/ui/select.tsx(106,9): error TS7026: JSX element implicitly has type 'any' because no interface 'JSX.IntrinsicElements' exists.
src/components/ui/skeleton.tsx(6,4): error TS2503: Cannot find namespace 'React'.
src/components/ui/skeleton.tsx(8,9): error TS2875: This JSX tag requires the module path 'react/jsx-runtime' to exist, but none could be found. Make sure you have types for the appropriate package installed.
src/components/ui/skeleton.tsx(8,9): error TS7026: JSX element implicitly has type 'any' because no interface 'JSX.IntrinsicElements' exists.
src/components/ui/tabs.tsx(1,24): error TS2307: Cannot find module 'react' or its corresponding type declarations.
src/components/ui/tabs.tsx(2,32): error TS2307: Cannot find module '@radix-ui/react-tabs' or its corresponding type declarations.
src/components/ui/tabs.tsx(10,6): error TS7031: Binding element 'className' implicitly has an 'any' type.
src/components/ui/tabs.tsx(10,29): error TS7006: Parameter 'ref' implicitly has an 'any' type.
src/components/ui/tabs.tsx(11,5): error TS2875: This JSX tag requires the module path 'react/jsx-runtime' to exist, but none could be found. Make sure you have types for the appropriate package installed.
src/components/ui/tabs.tsx(25,6): error TS7031: Binding element 'className' implicitly has an 'any' type.
src/components/ui/tabs.tsx(25,29): error TS7006: Parameter 'ref' implicitly has an 'any' type.
src/components/ui/tabs.tsx(40,6): error TS7031: Binding element 'className' implicitly has an 'any' type.
src/components/ui/tabs.tsx(40,29): error TS7006: Parameter 'ref' implicitly has an 'any' type.
src/lib/utils.ts(1,39): error TS2307: Cannot find module 'clsx' or its corresponding type declarations.
src/lib/utils.ts(2,25): error TS2307: Cannot find module 'tailwind-merge' or its corresponding type declarations.
src/main.tsx(1,19): error TS2307: Cannot find module 'react' or its corresponding type declarations.
src/main.tsx(2,22): error TS2307: Cannot find module 'react-dom/client' or its corresponding type declarations.
src/main.tsx(3,50): error TS2307: Cannot find module '@tanstack/react-query' or its corresponding type declarations.
src/main.tsx(4,31): error TS2307: Cannot find module 'react-router-dom' or its corresponding type declarations.
src/main.tsx(19,5): error TS2875: This JSX tag requires the module path 'react/jsx-runtime' to exist, but none could be found. Make sure you have types for the appropriate package installed.
src/pages/CashPage.tsx(1,26): error TS2307: Cannot find module 'react' or its corresponding type declarations.
src/pages/CashPage.tsx(2,55): error TS2307: Cannot find module '@tanstack/react-query' or its corresponding type declarations.
src/pages/CashPage.tsx(3,24): error TS2307: Cannot find module 'date-fns' or its corresponding type declarations.
src/pages/CashPage.tsx(4,10): error TS6133: 'Plus' is declared but its value is never read.
src/pages/CashPage.tsx(4,56): error TS2307: Cannot find module 'lucide-react' or its corresponding type declarations.
src/pages/CashPage.tsx(5,25): error TS2307: Cannot find module 'react-hook-form' or its corresponding type declarations.
src/pages/CashPage.tsx(6,29): error TS2307: Cannot find module '@hookform/resolvers/zod' or its corresponding type declarations.
src/pages/CashPage.tsx(7,19): error TS2307: Cannot find module 'zod' or its corresponding type declarations.
src/pages/CashPage.tsx(113,9): error TS7026: JSX element implicitly has type 'any' because no interface 'JSX.IntrinsicElements' exists.
src/pages/CashPage.tsx(113,9): error TS2875: This JSX tag requires the module path 'react/jsx-runtime' to exist, but none could be found. Make sure you have types for the appropriate package installed.
src/pages/CashPage.tsx(114,13): error TS7026: JSX element implicitly has type 'any' because no interface 'JSX.IntrinsicElements' exists.
src/pages/CashPage.tsx(115,17): error TS7026: JSX element implicitly has type 'any' because no interface 'JSX.IntrinsicElements' exists.
src/pages/CashPage.tsx(116,21): error TS7026: JSX element implicitly has type 'any' because no interface 'JSX.IntrinsicElements' exists.
src/pages/CashPage.tsx(116,65): error TS7026: JSX element implicitly has type 'any' because no interface 'JSX.IntrinsicElements' exists.
src/pages/CashPage.tsx(117,21): error TS7026: JSX element implicitly has type 'any' because no interface 'JSX.IntrinsicElements' exists.
src/pages/CashPage.tsx(117,101): error TS7026: JSX element implicitly has type 'any' because no interface 'JSX.IntrinsicElements' exists.
src/pages/CashPage.tsx(118,17): error TS7026: JSX element implicitly has type 'any' because no interface 'JSX.IntrinsicElements' exists.
src/pages/CashPage.tsx(119,17): error TS7026: JSX element implicitly has type 'any' because no interface 'JSX.IntrinsicElements' exists.
src/pages/CashPage.tsx(128,17): error TS7026: JSX element implicitly has type 'any' because no interface 'JSX.IntrinsicElements' exists.
src/pages/CashPage.tsx(129,13): error TS7026: JSX element implicitly has type 'any' because no interface 'JSX.IntrinsicElements' exists.
src/pages/CashPage.tsx(131,53): error TS7006: Parameter 'v' implicitly has an 'any' type.
src/pages/CashPage.tsx(140,25): error TS7026: JSX element implicitly has type 'any' because no interface 'JSX.IntrinsicElements' exists.
src/pages/CashPage.tsx(144,25): error TS7026: JSX element implicitly has type 'any' because no interface 'JSX.IntrinsicElements' exists.
src/pages/CashPage.tsx(152,25): error TS7026: JSX element implicitly has type 'any' because no interface 'JSX.IntrinsicElements' exists.
src/pages/CashPage.tsx(156,41): error TS7026: JSX element implicitly has type 'any' because no interface 'JSX.IntrinsicElements' exists.
src/pages/CashPage.tsx(162,45): error TS7026: JSX element implicitly has type 'any' because no interface 'JSX.IntrinsicElements' exists.
src/pages/CashPage.tsx(163,49): error TS7026: JSX element implicitly has type 'any' because no interface 'JSX.IntrinsicElements' exists.
src/pages/CashPage.tsx(165,65): error TS7026: JSX element implicitly has type 'any' because no interface 'JSX.IntrinsicElements' exists.
src/pages/CashPage.tsx(165,117): error TS7026: JSX element implicitly has type 'any' because no interface 'JSX.IntrinsicElements' exists.
src/pages/CashPage.tsx(166,49): error TS7026: JSX element implicitly has type 'any' because no interface 'JSX.IntrinsicElements' exists.
src/pages/CashPage.tsx(167,49): error TS7026: JSX element implicitly has type 'any' because no interface 'JSX.IntrinsicElements' exists.
src/pages/CashPage.tsx(169,49): error TS7026: JSX element implicitly has type 'any' because no interface 'JSX.IntrinsicElements' exists.
src/pages/CashPage.tsx(170,45): error TS7026: JSX element implicitly has type 'any' because no interface 'JSX.IntrinsicElements' exists.
src/pages/CashPage.tsx(171,41): error TS7026: JSX element implicitly has type 'any' because no interface 'JSX.IntrinsicElements' exists.
src/pages/CashPage.tsx(172,41): error TS7026: JSX element implicitly has type 'any' because no interface 'JSX.IntrinsicElements' exists.
src/pages/CashPage.tsx(173,45): error TS7026: JSX element implicitly has type 'any' because no interface 'JSX.IntrinsicElements' exists.
src/pages/CashPage.tsx(175,45): error TS7026: JSX element implicitly has type 'any' because no interface 'JSX.IntrinsicElements' exists.
src/pages/CashPage.tsx(179,41): error TS7026: JSX element implicitly has type 'any' because no interface 'JSX.IntrinsicElements' exists.
src/pages/CashPage.tsx(183,25): error TS7026: JSX element implicitly has type 'any' because no interface 'JSX.IntrinsicElements' exists.
src/pages/CashPage.tsx(196,21): error TS7026: JSX element implicitly has type 'any' because no interface 'JSX.IntrinsicElements' exists.
src/pages/CashPage.tsx(197,25): error TS7026: JSX element implicitly has type 'any' because no interface 'JSX.IntrinsicElements' exists.
src/pages/CashPage.tsx(201,49): error TS7006: Parameter 'v' implicitly has an 'any' type.
src/pages/CashPage.tsx(211,25): error TS7026: JSX element implicitly has type 'any' because no interface 'JSX.IntrinsicElements' exists.
src/pages/CashPage.tsx(213,25): error TS7026: JSX element implicitly has type 'any' because no interface 'JSX.IntrinsicElements' exists.
src/pages/CashPage.tsx(214,29): error TS7026: JSX element implicitly has type 'any' because no interface 'JSX.IntrinsicElements' exists.
src/pages/CashPage.tsx(217,51): error TS7026: JSX element implicitly has type 'any' because no interface 'JSX.IntrinsicElements' exists.
src/pages/CashPage.tsx(217,114): error TS7026: JSX element implicitly has type 'any' because no interface 'JSX.IntrinsicElements' exists.
src/pages/CashPage.tsx(218,29): error TS7026: JSX element implicitly has type 'any' because no interface 'JSX.IntrinsicElements' exists.
src/pages/CashPage.tsx(219,29): error TS7026: JSX element implicitly has type 'any' because no interface 'JSX.IntrinsicElements' exists.
src/pages/CashPage.tsx(222,29): error TS7026: JSX element implicitly has type 'any' because no interface 'JSX.IntrinsicElements' exists.
src/pages/CashPage.tsx(223,25): error TS7026: JSX element implicitly has type 'any' because no interface 'JSX.IntrinsicElements' exists.
src/pages/CashPage.tsx(225,25): error TS7026: JSX element implicitly has type 'any' because no interface 'JSX.IntrinsicElements' exists.
src/pages/CashPage.tsx(229,49): error TS7006: Parameter 'v' implicitly has an 'any' type.
src/pages/CashPage.tsx(235,38): error TS7053: Element implicitly has an 'any' type because expression of type 'any' can't be used to index type '{ INCOME: string[]; EXPENSE: string[]; }'.
src/pages/CashPage.tsx(235,65): error TS7006: Parameter 'cat' implicitly has an 'any' type.
src/pages/CashPage.tsx(242,25): error TS7026: JSX element implicitly has type 'any' because no interface 'JSX.IntrinsicElements' exists.
src/pages/CashPage.tsx(244,25): error TS7026: JSX element implicitly has type 'any' because no interface 'JSX.IntrinsicElements' exists.
src/pages/CashPage.tsx(247,25): error TS7026: JSX element implicitly has type 'any' because no interface 'JSX.IntrinsicElements' exists.
src/pages/CashPage.tsx(262,21): error TS7026: JSX element implicitly has type 'any' because no interface 'JSX.IntrinsicElements' exists.
src/pages/CashPage.tsx(265,9): error TS7026: JSX element implicitly has type 'any' because no interface 'JSX.IntrinsicElements' exists.
src/pages/DashboardPage.tsx(1,26): error TS2307: Cannot find module '@tanstack/react-query' or its corresponding type declarations.
src/pages/DashboardPage.tsx(2,24): error TS2307: Cannot find module 'date-fns' or its corresponding type declarations.
src/pages/DashboardPage.tsx(3,75): error TS2307: Cannot find module 'lucide-react' or its corresponding type declarations.
src/pages/DashboardPage.tsx(38,9): error TS7026: JSX element implicitly has type 'any' because no interface 'JSX.IntrinsicElements' exists.
src/pages/DashboardPage.tsx(38,9): error TS2875: This JSX tag requires the module path 'react/jsx-runtime' to exist, but none could be found. Make sure you have types for the appropriate package installed.
src/pages/DashboardPage.tsx(39,13): error TS7026: JSX element implicitly has type 'any' because no interface 'JSX.IntrinsicElements' exists.
src/pages/DashboardPage.tsx(40,17): error TS7026: JSX element implicitly has type 'any' because no interface 'JSX.IntrinsicElements' exists.
src/pages/DashboardPage.tsx(40,61): error TS7026: JSX element implicitly has type 'any' because no interface 'JSX.IntrinsicElements' exists.
src/pages/DashboardPage.tsx(41,17): error TS7026: JSX element implicitly has type 'any' because no interface 'JSX.IntrinsicElements' exists.
src/pages/DashboardPage.tsx(41,89): error TS7026: JSX element implicitly has type 'any' because no interface 'JSX.IntrinsicElements' exists.
src/pages/DashboardPage.tsx(42,13): error TS7026: JSX element implicitly has type 'any' because no interface 'JSX.IntrinsicElements' exists.
src/pages/DashboardPage.tsx(45,13): error TS7026: JSX element implicitly has type 'any' because no interface 'JSX.IntrinsicElements' exists.
src/pages/DashboardPage.tsx(74,13): error TS7026: JSX element implicitly has type 'any' because no interface 'JSX.IntrinsicElements' exists.
src/pages/DashboardPage.tsx(77,13): error TS7026: JSX element implicitly has type 'any' because no interface 'JSX.IntrinsicElements' exists.
src/pages/DashboardPage.tsx(110,13): error TS7026: JSX element implicitly has type 'any' because no interface 'JSX.IntrinsicElements' exists.
src/pages/DashboardPage.tsx(113,13): error TS7026: JSX element implicitly has type 'any' because no interface 'JSX.IntrinsicElements' exists.
src/pages/DashboardPage.tsx(138,59): error TS7006: Parameter 'd' implicitly has an 'any' type.
src/pages/DashboardPage.tsx(154,13): error TS7026: JSX element implicitly has type 'any' because no interface 'JSX.IntrinsicElements' exists.
src/pages/DashboardPage.tsx(157,13): error TS7026: JSX element implicitly has type 'any' because no interface 'JSX.IntrinsicElements' exists.
src/pages/DashboardPage.tsx(163,60): error TS7006: Parameter 'm' implicitly has an 'any' type.
src/pages/DashboardPage.tsx(180,13): error TS7026: JSX element implicitly has type 'any' because no interface 'JSX.IntrinsicElements' exists.
src/pages/DashboardPage.tsx(181,9): error TS7026: JSX element implicitly has type 'any' because no interface 'JSX.IntrinsicElements' exists.
src/pages/DashboardPage.tsx(189,11): error TS2503: Cannot find namespace 'React'.
src/pages/DashboardPage.tsx(199,17): error TS7026: JSX element implicitly has type 'any' because no interface 'JSX.IntrinsicElements' exists.
src/pages/DashboardPage.tsx(201,34): error TS7026: JSX element implicitly has type 'any' because no interface 'JSX.IntrinsicElements' exists.
src/pages/DashboardPage.tsx(201,89): error TS7026: JSX element implicitly has type 'any' because no interface 'JSX.IntrinsicElements' exists.
src/pages/DashboardPage.tsx(202,17): error TS7026: JSX element implicitly has type 'any' because no interface 'JSX.IntrinsicElements' exists.
src/pages/DashboardPage.tsx(209,21): error TS7026: JSX element implicitly has type 'any' because no interface 'JSX.IntrinsicElements' exists.
src/pages/DashboardPage.tsx(211,21): error TS7026: JSX element implicitly has type 'any' because no interface 'JSX.IntrinsicElements' exists.
src/pages/DashboardPage.tsx(226,17): error TS7026: JSX element implicitly has type 'any' because no interface 'JSX.IntrinsicElements' exists.
src/pages/DashboardPage.tsx(228,17): error TS7026: JSX element implicitly has type 'any' because no interface 'JSX.IntrinsicElements' exists.
src/pages/EmployeesPage.tsx(1,26): error TS2307: Cannot find module 'react' or its corresponding type declarations.
src/pages/EmployeesPage.tsx(2,55): error TS2307: Cannot find module '@tanstack/react-query' or its corresponding type declarations.
src/pages/EmployeesPage.tsx(3,38): error TS2307: Cannot find module 'lucide-react' or its corresponding type declarations.
src/pages/EmployeesPage.tsx(4,25): error TS2307: Cannot find module 'react-hook-form' or its corresponding type declarations.
src/pages/EmployeesPage.tsx(5,29): error TS2307: Cannot find module '@hookform/resolvers/zod' or its corresponding type declarations.
src/pages/EmployeesPage.tsx(6,19): error TS2307: Cannot find module 'zod' or its corresponding type declarations.
src/pages/EmployeesPage.tsx(117,9): error TS7026: JSX element implicitly has type 'any' because no interface 'JSX.IntrinsicElements' exists.
src/pages/EmployeesPage.tsx(117,9): error TS2875: This JSX tag requires the module path 'react/jsx-runtime' to exist, but none could be found. Make sure you have types for the appropriate package installed.
src/pages/EmployeesPage.tsx(118,13): error TS7026: JSX element implicitly has type 'any' because no interface 'JSX.IntrinsicElements' exists.
src/pages/EmployeesPage.tsx(119,17): error TS7026: JSX element implicitly has type 'any' because no interface 'JSX.IntrinsicElements' exists.
src/pages/EmployeesPage.tsx(120,21): error TS7026: JSX element implicitly has type 'any' because no interface 'JSX.IntrinsicElements' exists.
src/pages/EmployeesPage.tsx(120,65): error TS7026: JSX element implicitly has type 'any' because no interface 'JSX.IntrinsicElements' exists.
src/pages/EmployeesPage.tsx(121,21): error TS7026: JSX element implicitly has type 'any' because no interface 'JSX.IntrinsicElements' exists.
src/pages/EmployeesPage.tsx(121,85): error TS7026: JSX element implicitly has type 'any' because no interface 'JSX.IntrinsicElements' exists.
src/pages/EmployeesPage.tsx(122,17): error TS7026: JSX element implicitly has type 'any' because no interface 'JSX.IntrinsicElements' exists.
src/pages/EmployeesPage.tsx(127,13): error TS7026: JSX element implicitly has type 'any' because no interface 'JSX.IntrinsicElements' exists.
src/pages/EmployeesPage.tsx(132,28): error TS7006: Parameter 'e' implicitly has an 'any' type.
src/pages/EmployeesPage.tsx(137,17): error TS7026: JSX element implicitly has type 'any' because no interface 'JSX.IntrinsicElements' exists.
src/pages/EmployeesPage.tsx(146,17): error TS7026: JSX element implicitly has type 'any' because no interface 'JSX.IntrinsicElements' exists.
src/pages/EmployeesPage.tsx(154,17): error TS7026: JSX element implicitly has type 'any' because no interface 'JSX.IntrinsicElements' exists.
src/pages/EmployeesPage.tsx(158,33): error TS7026: JSX element implicitly has type 'any' because no interface 'JSX.IntrinsicElements' exists.
src/pages/EmployeesPage.tsx(160,37): error TS7026: JSX element implicitly has type 'any' because no interface 'JSX.IntrinsicElements' exists.
src/pages/EmployeesPage.tsx(167,37): error TS7026: JSX element implicitly has type 'any' because no interface 'JSX.IntrinsicElements' exists.
src/pages/EmployeesPage.tsx(168,33): error TS7026: JSX element implicitly has type 'any' because no interface 'JSX.IntrinsicElements' exists.
src/pages/EmployeesPage.tsx(171,33): error TS7026: JSX element implicitly has type 'any' because no interface 'JSX.IntrinsicElements' exists.
src/pages/EmployeesPage.tsx(173,33): error TS7026: JSX element implicitly has type 'any' because no interface 'JSX.IntrinsicElements' exists.
src/pages/EmployeesPage.tsx(174,33): error TS7026: JSX element implicitly has type 'any' because no interface 'JSX.IntrinsicElements' exists.
src/pages/EmployeesPage.tsx(176,33): error TS7026: JSX element implicitly has type 'any' because no interface 'JSX.IntrinsicElements' exists.
src/pages/EmployeesPage.tsx(177,33): error TS7026: JSX element implicitly has type 'any' because no interface 'JSX.IntrinsicElements' exists.
src/pages/EmployeesPage.tsx(179,33): error TS7026: JSX element implicitly has type 'any' because no interface 'JSX.IntrinsicElements' exists.
src/pages/EmployeesPage.tsx(183,17): error TS7026: JSX element implicitly has type 'any' because no interface 'JSX.IntrinsicElements' exists.
src/pages/EmployeesPage.tsx(191,21): error TS7026: JSX element implicitly has type 'any' because no interface 'JSX.IntrinsicElements' exists.
src/pages/EmployeesPage.tsx(192,25): error TS7026: JSX element implicitly has type 'any' because no interface 'JSX.IntrinsicElements' exists.
src/pages/EmployeesPage.tsx(195,49): error TS7026: JSX element implicitly has type 'any' because no interface 'JSX.IntrinsicElements' exists.
src/pages/EmployeesPage.tsx(195,114): error TS7026: JSX element implicitly has type 'any' because no interface 'JSX.IntrinsicElements' exists.
src/pages/EmployeesPage.tsx(196,25): error TS7026: JSX element implicitly has type 'any' because no interface 'JSX.IntrinsicElements' exists.
src/pages/EmployeesPage.tsx(198,25): error TS7026: JSX element implicitly has type 'any' because no interface 'JSX.IntrinsicElements' exists.
src/pages/EmployeesPage.tsx(201,58): error TS7026: JSX element implicitly has type 'any' because no interface 'JSX.IntrinsicElements' exists.
src/pages/EmployeesPage.tsx(201,132): error TS7026: JSX element implicitly has type 'any' because no interface 'JSX.IntrinsicElements' exists.
src/pages/EmployeesPage.tsx(202,25): error TS7026: JSX element implicitly has type 'any' because no interface 'JSX.IntrinsicElements' exists.
src/pages/EmployeesPage.tsx(212,21): error TS7026: JSX element implicitly has type 'any' because no interface 'JSX.IntrinsicElements' exists.
src/pages/EmployeesPage.tsx(215,9): error TS7026: JSX element implicitly has type 'any' because no interface 'JSX.IntrinsicElements' exists.
src/pages/ItemsPage.tsx(1,26): error TS2307: Cannot find module 'react' or its corresponding type declarations.
src/pages/ItemsPage.tsx(2,55): error TS2307: Cannot find module '@tanstack/react-query' or its corresponding type declarations.
src/pages/ItemsPage.tsx(3,38): error TS2307: Cannot find module 'lucide-react' or its corresponding type declarations.
src/pages/ItemsPage.tsx(4,25): error TS2307: Cannot find module 'react-hook-form' or its corresponding type declarations.
src/pages/ItemsPage.tsx(5,29): error TS2307: Cannot find module '@hookform/resolvers/zod' or its corresponding type declarations.
src/pages/ItemsPage.tsx(6,19): error TS2307: Cannot find module 'zod' or its corresponding type declarations.
src/pages/ItemsPage.tsx(166,9): error TS7026: JSX element implicitly has type 'any' because no interface 'JSX.IntrinsicElements' exists.
src/pages/ItemsPage.tsx(166,9): error TS2875: This JSX tag requires the module path 'react/jsx-runtime' to exist, but none could be found. Make sure you have types for the appropriate package installed.
src/pages/ItemsPage.tsx(167,13): error TS7026: JSX element implicitly has type 'any' because no interface 'JSX.IntrinsicElements' exists.
src/pages/ItemsPage.tsx(168,17): error TS7026: JSX element implicitly has type 'any' because no interface 'JSX.IntrinsicElements' exists.
src/pages/ItemsPage.tsx(169,21): error TS7026: JSX element implicitly has type 'any' because no interface 'JSX.IntrinsicElements' exists.
src/pages/ItemsPage.tsx(169,61): error TS7026: JSX element implicitly has type 'any' because no interface 'JSX.IntrinsicElements' exists.
src/pages/ItemsPage.tsx(170,21): error TS7026: JSX element implicitly has type 'any' because no interface 'JSX.IntrinsicElements' exists.
src/pages/ItemsPage.tsx(170,80): error TS7026: JSX element implicitly has type 'any' because no interface 'JSX.IntrinsicElements' exists.
src/pages/ItemsPage.tsx(171,17): error TS7026: JSX element implicitly has type 'any' because no interface 'JSX.IntrinsicElements' exists.
src/pages/ItemsPage.tsx(176,13): error TS7026: JSX element implicitly has type 'any' because no interface 'JSX.IntrinsicElements' exists.
src/pages/ItemsPage.tsx(182,28): error TS7006: Parameter 'e' implicitly has an 'any' type.
src/pages/ItemsPage.tsx(188,17): error TS7026: JSX element implicitly has type 'any' because no interface 'JSX.IntrinsicElements' exists.
src/pages/ItemsPage.tsx(197,17): error TS7026: JSX element implicitly has type 'any' because no interface 'JSX.IntrinsicElements' exists.
src/pages/ItemsPage.tsx(205,17): error TS7026: JSX element implicitly has type 'any' because no interface 'JSX.IntrinsicElements' exists.
src/pages/ItemsPage.tsx(209,33): error TS7026: JSX element implicitly has type 'any' because no interface 'JSX.IntrinsicElements' exists.
src/pages/ItemsPage.tsx(211,37): error TS7026: JSX element implicitly has type 'any' because no interface 'JSX.IntrinsicElements' exists.
src/pages/ItemsPage.tsx(222,37): error TS7026: JSX element implicitly has type 'any' because no interface 'JSX.IntrinsicElements' exists.
src/pages/ItemsPage.tsx(223,33): error TS7026: JSX element implicitly has type 'any' because no interface 'JSX.IntrinsicElements' exists.
src/pages/ItemsPage.tsx(226,33): error TS7026: JSX element implicitly has type 'any' because no interface 'JSX.IntrinsicElements' exists.
src/pages/ItemsPage.tsx(227,37): error TS7026: JSX element implicitly has type 'any' because no interface 'JSX.IntrinsicElements' exists.
src/pages/ItemsPage.tsx(227,61): error TS7026: JSX element implicitly has type 'any' because no interface 'JSX.IntrinsicElements' exists.
src/pages/ItemsPage.tsx(228,37): error TS7026: JSX element implicitly has type 'any' because no interface 'JSX.IntrinsicElements' exists.
src/pages/ItemsPage.tsx(228,57): error TS7026: JSX element implicitly has type 'any' because no interface 'JSX.IntrinsicElements' exists.
src/pages/ItemsPage.tsx(229,55): error TS7026: JSX element implicitly has type 'any' because no interface 'JSX.IntrinsicElements' exists.
src/pages/ItemsPage.tsx(229,84): error TS7026: JSX element implicitly has type 'any' because no interface 'JSX.IntrinsicElements' exists.
src/pages/ItemsPage.tsx(230,63): error TS7026: JSX element implicitly has type 'any' because no interface 'JSX.IntrinsicElements' exists.
src/pages/ItemsPage.tsx(230,96): error TS7026: JSX element implicitly has type 'any' because no interface 'JSX.IntrinsicElements' exists.
src/pages/ItemsPage.tsx(231,37): error TS7026: JSX element implicitly has type 'any' because no interface 'JSX.IntrinsicElements' exists.
src/pages/ItemsPage.tsx(231,91): error TS7026: JSX element implicitly has type 'any' because no interface 'JSX.IntrinsicElements' exists.
src/pages/ItemsPage.tsx(232,33): error TS7026: JSX element implicitly has type 'any' because no interface 'JSX.IntrinsicElements' exists.
src/pages/ItemsPage.tsx(236,17): error TS7026: JSX element implicitly has type 'any' because no interface 'JSX.IntrinsicElements' exists.
src/pages/ItemsPage.tsx(245,21): error TS7026: JSX element implicitly has type 'any' because no interface 'JSX.IntrinsicElements' exists.
src/pages/ItemsPage.tsx(246,25): error TS7026: JSX element implicitly has type 'any' because no interface 'JSX.IntrinsicElements' exists.
src/pages/ItemsPage.tsx(249,45): error TS7026: JSX element implicitly has type 'any' because no interface 'JSX.IntrinsicElements' exists.
src/pages/ItemsPage.tsx(249,106): error TS7026: JSX element implicitly has type 'any' because no interface 'JSX.IntrinsicElements' exists.
src/pages/ItemsPage.tsx(250,25): error TS7026: JSX element implicitly has type 'any' because no interface 'JSX.IntrinsicElements' exists.
src/pages/ItemsPage.tsx(252,25): error TS7026: JSX element implicitly has type 'any' because no interface 'JSX.IntrinsicElements' exists.
src/pages/ItemsPage.tsx(253,29): error TS7026: JSX element implicitly has type 'any' because no interface 'JSX.IntrinsicElements' exists.
src/pages/ItemsPage.tsx(257,53): error TS7006: Parameter 'v' implicitly has an 'any' type.
src/pages/ItemsPage.tsx(270,29): error TS7026: JSX element implicitly has type 'any' because no interface 'JSX.IntrinsicElements' exists.
src/pages/ItemsPage.tsx(272,29): error TS7026: JSX element implicitly has type 'any' because no interface 'JSX.IntrinsicElements' exists.
src/pages/ItemsPage.tsx(276,53): error TS7006: Parameter 'v' implicitly has an 'any' type.
src/pages/ItemsPage.tsx(296,29): error TS7026: JSX element implicitly has type 'any' because no interface 'JSX.IntrinsicElements' exists.
src/pages/ItemsPage.tsx(297,25): error TS7026: JSX element implicitly has type 'any' because no interface 'JSX.IntrinsicElements' exists.
src/pages/ItemsPage.tsx(299,25): error TS7026: JSX element implicitly has type 'any' because no interface 'JSX.IntrinsicElements' exists.
src/pages/ItemsPage.tsx(303,49): error TS7006: Parameter 'v' implicitly has an 'any' type.
src/pages/ItemsPage.tsx(316,25): error TS7026: JSX element implicitly has type 'any' because no interface 'JSX.IntrinsicElements' exists.
src/pages/ItemsPage.tsx(318,25): error TS7026: JSX element implicitly has type 'any' because no interface 'JSX.IntrinsicElements' exists.
src/pages/ItemsPage.tsx(319,29): error TS7026: JSX element implicitly has type 'any' because no interface 'JSX.IntrinsicElements' exists.
src/pages/ItemsPage.tsx(322,29): error TS7026: JSX element implicitly has type 'any' because no interface 'JSX.IntrinsicElements' exists.
src/pages/ItemsPage.tsx(323,29): error TS7026: JSX element implicitly has type 'any' because no interface 'JSX.IntrinsicElements' exists.
src/pages/ItemsPage.tsx(326,29): error TS7026: JSX element implicitly has type 'any' because no interface 'JSX.IntrinsicElements' exists.
src/pages/ItemsPage.tsx(327,25): error TS7026: JSX element implicitly has type 'any' because no interface 'JSX.IntrinsicElements' exists.
src/pages/ItemsPage.tsx(337,21): error TS7026: JSX element implicitly has type 'any' because no interface 'JSX.IntrinsicElements' exists.
src/pages/ItemsPage.tsx(340,9): error TS7026: JSX element implicitly has type 'any' because no interface 'JSX.IntrinsicElements' exists.
src/pages/LoginPage.tsx(1,26): error TS2307: Cannot find module 'react' or its corresponding type declarations.
src/pages/LoginPage.tsx(2,29): error TS2307: Cannot find module 'react-router-dom' or its corresponding type declarations.
src/pages/LoginPage.tsx(3,25): error TS2307: Cannot find module 'react-hook-form' or its corresponding type declarations.
src/pages/LoginPage.tsx(4,29): error TS2307: Cannot find module '@hookform/resolvers/zod' or its corresponding type declarations.
src/pages/LoginPage.tsx(5,19): error TS2307: Cannot find module 'zod' or its corresponding type declarations.
src/pages/LoginPage.tsx(52,9): error TS7026: JSX element implicitly has type 'any' because no interface 'JSX.IntrinsicElements' exists.
src/pages/LoginPage.tsx(52,9): error TS2875: This JSX tag requires the module path 'react/jsx-runtime' to exist, but none could be found. Make sure you have types for the appropriate package installed.
src/pages/LoginPage.tsx(59,21): error TS7026: JSX element implicitly has type 'any' because no interface 'JSX.IntrinsicElements' exists.
src/pages/LoginPage.tsx(61,29): error TS7026: JSX element implicitly has type 'any' because no interface 'JSX.IntrinsicElements' exists.
src/pages/LoginPage.tsx(63,29): error TS7026: JSX element implicitly has type 'any' because no interface 'JSX.IntrinsicElements' exists.
src/pages/LoginPage.tsx(66,25): error TS7026: JSX element implicitly has type 'any' because no interface 'JSX.IntrinsicElements' exists.
src/pages/LoginPage.tsx(76,33): error TS7026: JSX element implicitly has type 'any' because no interface 'JSX.IntrinsicElements' exists.
src/pages/LoginPage.tsx(76,95): error TS7026: JSX element implicitly has type 'any' because no interface 'JSX.IntrinsicElements' exists.
src/pages/LoginPage.tsx(78,25): error TS7026: JSX element implicitly has type 'any' because no interface 'JSX.IntrinsicElements' exists.
src/pages/LoginPage.tsx(80,25): error TS7026: JSX element implicitly has type 'any' because no interface 'JSX.IntrinsicElements' exists.
src/pages/LoginPage.tsx(90,33): error TS7026: JSX element implicitly has type 'any' because no interface 'JSX.IntrinsicElements' exists.
src/pages/LoginPage.tsx(90,98): error TS7026: JSX element implicitly has type 'any' because no interface 'JSX.IntrinsicElements' exists.
src/pages/LoginPage.tsx(92,25): error TS7026: JSX element implicitly has type 'any' because no interface 'JSX.IntrinsicElements' exists.
src/pages/LoginPage.tsx(97,21): error TS7026: JSX element implicitly has type 'any' because no interface 'JSX.IntrinsicElements' exists.
src/pages/LoginPage.tsx(100,9): error TS7026: JSX element implicitly has type 'any' because no interface 'JSX.IntrinsicElements' exists.
src/pages/ReportsPage.tsx(1,26): error TS2307: Cannot find module 'react' or its corresponding type declarations.
src/pages/ReportsPage.tsx(2,26): error TS2307: Cannot find module '@tanstack/react-query' or its corresponding type declarations.
src/pages/ReportsPage.tsx(3,40): error TS2307: Cannot find module 'lucide-react' or its corresponding type declarations.
src/pages/ReportsPage.tsx(9,26): error TS6133: 'formatCurrency' is declared but its value is never read.
src/pages/ReportsPage.tsx(24,9): error TS7026: JSX element implicitly has type 'any' because no interface 'JSX.IntrinsicElements' exists.
src/pages/ReportsPage.tsx(24,9): error TS2875: This JSX tag requires the module path 'react/jsx-runtime' to exist, but none could be found. Make sure you have types for the appropriate package installed.
src/pages/ReportsPage.tsx(25,13): error TS7026: JSX element implicitly has type 'any' because no interface 'JSX.IntrinsicElements' exists.
src/pages/ReportsPage.tsx(26,17): error TS7026: JSX element implicitly has type 'any' because no interface 'JSX.IntrinsicElements' exists.
src/pages/ReportsPage.tsx(26,59): error TS7026: JSX element implicitly has type 'any' because no interface 'JSX.IntrinsicElements' exists.
src/pages/ReportsPage.tsx(27,17): error TS7026: JSX element implicitly has type 'any' because no interface 'JSX.IntrinsicElements' exists.
src/pages/ReportsPage.tsx(27,88): error TS7026: JSX element implicitly has type 'any' because no interface 'JSX.IntrinsicElements' exists.
src/pages/ReportsPage.tsx(28,13): error TS7026: JSX element implicitly has type 'any' because no interface 'JSX.IntrinsicElements' exists.
src/pages/ReportsPage.tsx(40,25): error TS7026: JSX element implicitly has type 'any' because no interface 'JSX.IntrinsicElements' exists.
src/pages/ReportsPage.tsx(42,33): error TS7026: JSX element implicitly has type 'any' because no interface 'JSX.IntrinsicElements' exists.
src/pages/ReportsPage.tsx(43,37): error TS7026: JSX element implicitly has type 'any' because no interface 'JSX.IntrinsicElements' exists.
src/pages/ReportsPage.tsx(43,58): error TS7026: JSX element implicitly has type 'any' because no interface 'JSX.IntrinsicElements' exists.
src/pages/ReportsPage.tsx(44,37): error TS7026: JSX element implicitly has type 'any' because no interface 'JSX.IntrinsicElements' exists.
src/pages/ReportsPage.tsx(46,37): error TS7026: JSX element implicitly has type 'any' because no interface 'JSX.IntrinsicElements' exists.
src/pages/ReportsPage.tsx(47,33): error TS7026: JSX element implicitly has type 'any' because no interface 'JSX.IntrinsicElements' exists.
src/pages/ReportsPage.tsx(49,25): error TS7026: JSX element implicitly has type 'any' because no interface 'JSX.IntrinsicElements' exists.
src/pages/ReportsPage.tsx(61,25): error TS7026: JSX element implicitly has type 'any' because no interface 'JSX.IntrinsicElements' exists.
src/pages/ReportsPage.tsx(70,25): error TS7026: JSX element implicitly has type 'any' because no interface 'JSX.IntrinsicElements' exists.
src/pages/ReportsPage.tsx(78,25): error TS7026: JSX element implicitly has type 'any' because no interface 'JSX.IntrinsicElements' exists.
src/pages/ReportsPage.tsx(91,41): error TS7026: JSX element implicitly has type 'any' because no interface 'JSX.IntrinsicElements' exists.
src/pages/ReportsPage.tsx(93,41): error TS7026: JSX element implicitly has type 'any' because no interface 'JSX.IntrinsicElements' exists.
src/pages/ReportsPage.tsx(95,45): error TS7026: JSX element implicitly has type 'any' because no interface 'JSX.IntrinsicElements' exists.
src/pages/ReportsPage.tsx(98,45): error TS7026: JSX element implicitly has type 'any' because no interface 'JSX.IntrinsicElements' exists.
src/pages/ReportsPage.tsx(103,25): error TS7026: JSX element implicitly has type 'any' because no interface 'JSX.IntrinsicElements' exists.
src/pages/ReportsPage.tsx(107,9): error TS7026: JSX element implicitly has type 'any' because no interface 'JSX.IntrinsicElements' exists.
src/pages/SalariesPage.tsx(1,26): error TS2307: Cannot find module 'react' or its corresponding type declarations.
src/pages/SalariesPage.tsx(2,55): error TS2307: Cannot find module '@tanstack/react-query' or its corresponding type declarations.
src/pages/SalariesPage.tsx(3,24): error TS2307: Cannot find module 'date-fns' or its corresponding type declarations.
src/pages/SalariesPage.tsx(4,30): error TS2307: Cannot find module 'lucide-react' or its corresponding type declarations.
src/pages/SalariesPage.tsx(5,25): error TS2307: Cannot find module 'react-hook-form' or its corresponding type declarations.
src/pages/SalariesPage.tsx(6,29): error TS2307: Cannot find module '@hookform/resolvers/zod' or its corresponding type declarations.
src/pages/SalariesPage.tsx(7,19): error TS2307: Cannot find module 'zod' or its corresponding type declarations.
src/pages/SalariesPage.tsx(27,38): error TS6133: 'CreateSalaryRequest' is declared but its value is never read.
src/pages/SalariesPage.tsx(122,9): error TS7026: JSX element implicitly has type 'any' because no interface 'JSX.IntrinsicElements' exists.
src/pages/SalariesPage.tsx(122,9): error TS2875: This JSX tag requires the module path 'react/jsx-runtime' to exist, but none could be found. Make sure you have types for the appropriate package installed.
src/pages/SalariesPage.tsx(123,13): error TS7026: JSX element implicitly has type 'any' because no interface 'JSX.IntrinsicElements' exists.
src/pages/SalariesPage.tsx(124,17): error TS7026: JSX element implicitly has type 'any' because no interface 'JSX.IntrinsicElements' exists.
src/pages/SalariesPage.tsx(125,21): error TS7026: JSX element implicitly has type 'any' because no interface 'JSX.IntrinsicElements' exists.
src/pages/SalariesPage.tsx(125,64): error TS7026: JSX element implicitly has type 'any' because no interface 'JSX.IntrinsicElements' exists.
src/pages/SalariesPage.tsx(126,21): error TS7026: JSX element implicitly has type 'any' because no interface 'JSX.IntrinsicElements' exists.
src/pages/SalariesPage.tsx(126,91): error TS7026: JSX element implicitly has type 'any' because no interface 'JSX.IntrinsicElements' exists.
src/pages/SalariesPage.tsx(127,17): error TS7026: JSX element implicitly has type 'any' because no interface 'JSX.IntrinsicElements' exists.
src/pages/SalariesPage.tsx(132,13): error TS7026: JSX element implicitly has type 'any' because no interface 'JSX.IntrinsicElements' exists.
src/pages/SalariesPage.tsx(138,28): error TS7006: Parameter 'e' implicitly has an 'any' type.
src/pages/SalariesPage.tsx(143,13): error TS7026: JSX element implicitly has type 'any' because no interface 'JSX.IntrinsicElements' exists.
src/pages/SalariesPage.tsx(152,29): error TS7026: JSX element implicitly has type 'any' because no interface 'JSX.IntrinsicElements' exists.
src/pages/SalariesPage.tsx(152,102): error TS7026: JSX element implicitly has type 'any' because no interface 'JSX.IntrinsicElements' exists.
src/pages/SalariesPage.tsx(164,29): error TS7026: JSX element implicitly has type 'any' because no interface 'JSX.IntrinsicElements' exists.
src/pages/SalariesPage.tsx(164,118): error TS7026: JSX element implicitly has type 'any' because no interface 'JSX.IntrinsicElements' exists.
src/pages/SalariesPage.tsx(176,29): error TS7026: JSX element implicitly has type 'any' because no interface 'JSX.IntrinsicElements' exists.
src/pages/SalariesPage.tsx(176,118): error TS7026: JSX element implicitly has type 'any' because no interface 'JSX.IntrinsicElements' exists.
src/pages/SalariesPage.tsx(188,29): error TS7026: JSX element implicitly has type 'any' because no interface 'JSX.IntrinsicElements' exists.
src/pages/SalariesPage.tsx(188,90): error TS7026: JSX element implicitly has type 'any' because no interface 'JSX.IntrinsicElements' exists.
src/pages/SalariesPage.tsx(192,13): error TS7026: JSX element implicitly has type 'any' because no interface 'JSX.IntrinsicElements' exists.
src/pages/SalariesPage.tsx(196,17): error TS7026: JSX element implicitly has type 'any' because no interface 'JSX.IntrinsicElements' exists.
src/pages/SalariesPage.tsx(200,17): error TS7026: JSX element implicitly has type 'any' because no interface 'JSX.IntrinsicElements' exists.
src/pages/SalariesPage.tsx(208,17): error TS7026: JSX element implicitly has type 'any' because no interface 'JSX.IntrinsicElements' exists.
src/pages/SalariesPage.tsx(212,33): error TS7026: JSX element implicitly has type 'any' because no interface 'JSX.IntrinsicElements' exists.
src/pages/SalariesPage.tsx(213,37): error TS7026: JSX element implicitly has type 'any' because no interface 'JSX.IntrinsicElements' exists.
src/pages/SalariesPage.tsx(213,93): error TS7026: JSX element implicitly has type 'any' because no interface 'JSX.IntrinsicElements' exists.
src/pages/SalariesPage.tsx(214,37): error TS7026: JSX element implicitly has type 'any' because no interface 'JSX.IntrinsicElements' exists.
src/pages/SalariesPage.tsx(217,37): error TS7026: JSX element implicitly has type 'any' because no interface 'JSX.IntrinsicElements' exists.
src/pages/SalariesPage.tsx(218,33): error TS7026: JSX element implicitly has type 'any' because no interface 'JSX.IntrinsicElements' exists.
src/pages/SalariesPage.tsx(219,33): error TS7026: JSX element implicitly has type 'any' because no interface 'JSX.IntrinsicElements' exists.
src/pages/SalariesPage.tsx(220,37): error TS7026: JSX element implicitly has type 'any' because no interface 'JSX.IntrinsicElements' exists.
src/pages/SalariesPage.tsx(221,41): error TS7026: JSX element implicitly has type 'any' because no interface 'JSX.IntrinsicElements' exists.
src/pages/SalariesPage.tsx(221,110): error TS7026: JSX element implicitly has type 'any' because no interface 'JSX.IntrinsicElements' exists.
src/pages/SalariesPage.tsx(222,41): error TS7026: JSX element implicitly has type 'any' because no interface 'JSX.IntrinsicElements' exists.
src/pages/SalariesPage.tsx(224,49): error TS7026: JSX element implicitly has type 'any' because no interface 'JSX.IntrinsicElements' exists.
src/pages/SalariesPage.tsx(224,120): error TS7026: JSX element implicitly has type 'any' because no interface 'JSX.IntrinsicElements' exists.
src/pages/SalariesPage.tsx(227,49): error TS7026: JSX element implicitly has type 'any' because no interface 'JSX.IntrinsicElements' exists.
src/pages/SalariesPage.tsx(227,127): error TS7026: JSX element implicitly has type 'any' because no interface 'JSX.IntrinsicElements' exists.
src/pages/SalariesPage.tsx(229,41): error TS7026: JSX element implicitly has type 'any' because no interface 'JSX.IntrinsicElements' exists.
src/pages/SalariesPage.tsx(230,37): error TS7026: JSX element implicitly has type 'any' because no interface 'JSX.IntrinsicElements' exists.
src/pages/SalariesPage.tsx(234,33): error TS7026: JSX element implicitly has type 'any' because no interface 'JSX.IntrinsicElements' exists.
src/pages/SalariesPage.tsx(238,17): error TS7026: JSX element implicitly has type 'any' because no interface 'JSX.IntrinsicElements' exists.
src/pages/SalariesPage.tsx(247,21): error TS7026: JSX element implicitly has type 'any' because no interface 'JSX.IntrinsicElements' exists.
src/pages/SalariesPage.tsx(248,25): error TS7026: JSX element implicitly has type 'any' because no interface 'JSX.IntrinsicElements' exists.
src/pages/SalariesPage.tsx(252,49): error TS7006: Parameter 'v' implicitly has an 'any' type.
src/pages/SalariesPage.tsx(265,51): error TS7026: JSX element implicitly has type 'any' because no interface 'JSX.IntrinsicElements' exists.
src/pages/SalariesPage.tsx(265,118): error TS7026: JSX element implicitly has type 'any' because no interface 'JSX.IntrinsicElements' exists.
src/pages/SalariesPage.tsx(266,25): error TS7026: JSX element implicitly has type 'any' because no interface 'JSX.IntrinsicElements' exists.
src/pages/SalariesPage.tsx(268,25): error TS7026: JSX element implicitly has type 'any' because no interface 'JSX.IntrinsicElements' exists.
src/pages/SalariesPage.tsx(269,29): error TS7026: JSX element implicitly has type 'any' because no interface 'JSX.IntrinsicElements' exists.
src/pages/SalariesPage.tsx(272,29): error TS7026: JSX element implicitly has type 'any' because no interface 'JSX.IntrinsicElements' exists.
src/pages/SalariesPage.tsx(273,29): error TS7026: JSX element implicitly has type 'any' because no interface 'JSX.IntrinsicElements' exists.
src/pages/SalariesPage.tsx(276,29): error TS7026: JSX element implicitly has type 'any' because no interface 'JSX.IntrinsicElements' exists.
src/pages/SalariesPage.tsx(277,25): error TS7026: JSX element implicitly has type 'any' because no interface 'JSX.IntrinsicElements' exists.
src/pages/SalariesPage.tsx(279,25): error TS7026: JSX element implicitly has type 'any' because no interface 'JSX.IntrinsicElements' exists.
src/pages/SalariesPage.tsx(282,51): error TS7026: JSX element implicitly has type 'any' because no interface 'JSX.IntrinsicElements' exists.
src/pages/SalariesPage.tsx(282,118): error TS7026: JSX element implicitly has type 'any' because no interface 'JSX.IntrinsicElements' exists.
src/pages/SalariesPage.tsx(283,25): error TS7026: JSX element implicitly has type 'any' because no interface 'JSX.IntrinsicElements' exists.
src/pages/SalariesPage.tsx(285,25): error TS7026: JSX element implicitly has type 'any' because no interface 'JSX.IntrinsicElements' exists.
src/pages/SalariesPage.tsx(286,29): error TS7026: JSX element implicitly has type 'any' because no interface 'JSX.IntrinsicElements' exists.
src/pages/SalariesPage.tsx(289,29): error TS7026: JSX element implicitly has type 'any' because no interface 'JSX.IntrinsicElements' exists.
src/pages/SalariesPage.tsx(290,29): error TS7026: JSX element implicitly has type 'any' because no interface 'JSX.IntrinsicElements' exists.
src/pages/SalariesPage.tsx(293,29): error TS7026: JSX element implicitly has type 'any' because no interface 'JSX.IntrinsicElements' exists.
src/pages/SalariesPage.tsx(294,25): error TS7026: JSX element implicitly has type 'any' because no interface 'JSX.IntrinsicElements' exists.
src/pages/SalariesPage.tsx(296,25): error TS7026: JSX element implicitly has type 'any' because no interface 'JSX.IntrinsicElements' exists.
src/pages/SalariesPage.tsx(299,25): error TS7026: JSX element implicitly has type 'any' because no interface 'JSX.IntrinsicElements' exists.
src/pages/SalariesPage.tsx(309,21): error TS7026: JSX element implicitly has type 'any' because no interface 'JSX.IntrinsicElements' exists.
src/pages/SalariesPage.tsx(312,9): error TS7026: JSX element implicitly has type 'any' because no interface 'JSX.IntrinsicElements' exists.
src/pages/StockPage.tsx(1,26): error TS2307: Cannot find module 'react' or its corresponding type declarations.
src/pages/StockPage.tsx(2,55): error TS2307: Cannot find module '@tanstack/react-query' or its corresponding type declarations.
src/pages/StockPage.tsx(3,24): error TS2307: Cannot find module 'date-fns' or its corresponding type declarations.
src/pages/StockPage.tsx(4,10): error TS6133: 'Plus' is declared but its value is never read.
src/pages/StockPage.tsx(4,62): error TS2307: Cannot find module 'lucide-react' or its corresponding type declarations.
src/pages/StockPage.tsx(5,25): error TS2307: Cannot find module 'react-hook-form' or its corresponding type declarations.
src/pages/StockPage.tsx(6,29): error TS2307: Cannot find module '@hookform/resolvers/zod' or its corresponding type declarations.
src/pages/StockPage.tsx(7,19): error TS2307: Cannot find module 'zod' or its corresponding type declarations.
src/pages/StockPage.tsx(147,9): error TS7026: JSX element implicitly has type 'any' because no interface 'JSX.IntrinsicElements' exists.
src/pages/StockPage.tsx(147,9): error TS2875: This JSX tag requires the module path 'react/jsx-runtime' to exist, but none could be found. Make sure you have types for the appropriate package installed.
src/pages/StockPage.tsx(148,13): error TS7026: JSX element implicitly has type 'any' because no interface 'JSX.IntrinsicElements' exists.
src/pages/StockPage.tsx(149,17): error TS7026: JSX element implicitly has type 'any' because no interface 'JSX.IntrinsicElements' exists.
src/pages/StockPage.tsx(150,21): error TS7026: JSX element implicitly has type 'any' because no interface 'JSX.IntrinsicElements' exists.
src/pages/StockPage.tsx(150,61): error TS7026: JSX element implicitly has type 'any' because no interface 'JSX.IntrinsicElements' exists.
src/pages/StockPage.tsx(151,21): error TS7026: JSX element implicitly has type 'any' because no interface 'JSX.IntrinsicElements' exists.
src/pages/StockPage.tsx(151,97): error TS7026: JSX element implicitly has type 'any' because no interface 'JSX.IntrinsicElements' exists.
src/pages/StockPage.tsx(152,17): error TS7026: JSX element implicitly has type 'any' because no interface 'JSX.IntrinsicElements' exists.
src/pages/StockPage.tsx(153,17): error TS7026: JSX element implicitly has type 'any' because no interface 'JSX.IntrinsicElements' exists.
src/pages/StockPage.tsx(162,17): error TS7026: JSX element implicitly has type 'any' because no interface 'JSX.IntrinsicElements' exists.
src/pages/StockPage.tsx(163,13): error TS7026: JSX element implicitly has type 'any' because no interface 'JSX.IntrinsicElements' exists.
src/pages/StockPage.tsx(173,25): error TS7026: JSX element implicitly has type 'any' because no interface 'JSX.IntrinsicElements' exists.
src/pages/StockPage.tsx(182,25): error TS7026: JSX element implicitly has type 'any' because no interface 'JSX.IntrinsicElements' exists.
src/pages/StockPage.tsx(190,25): error TS7026: JSX element implicitly has type 'any' because no interface 'JSX.IntrinsicElements' exists.
src/pages/StockPage.tsx(200,41): error TS7026: JSX element implicitly has type 'any' because no interface 'JSX.IntrinsicElements' exists.
src/pages/StockPage.tsx(202,41): error TS7026: JSX element implicitly has type 'any' because no interface 'JSX.IntrinsicElements' exists.
src/pages/StockPage.tsx(204,45): error TS7026: JSX element implicitly has type 'any' because no interface 'JSX.IntrinsicElements' exists.
src/pages/StockPage.tsx(207,45): error TS7026: JSX element implicitly has type 'any' because no interface 'JSX.IntrinsicElements' exists.
src/pages/StockPage.tsx(212,25): error TS7026: JSX element implicitly has type 'any' because no interface 'JSX.IntrinsicElements' exists.
src/pages/StockPage.tsx(218,25): error TS7026: JSX element implicitly has type 'any' because no interface 'JSX.IntrinsicElements' exists.
src/pages/StockPage.tsx(222,25): error TS7026: JSX element implicitly has type 'any' because no interface 'JSX.IntrinsicElements' exists.
src/pages/StockPage.tsx(230,25): error TS7026: JSX element implicitly has type 'any' because no interface 'JSX.IntrinsicElements' exists.
src/pages/StockPage.tsx(234,41): error TS7026: JSX element implicitly has type 'any' because no interface 'JSX.IntrinsicElements' exists.
src/pages/StockPage.tsx(240,45): error TS7026: JSX element implicitly has type 'any' because no interface 'JSX.IntrinsicElements' exists.
src/pages/StockPage.tsx(241,49): error TS7026: JSX element implicitly has type 'any' because no interface 'JSX.IntrinsicElements' exists.
src/pages/StockPage.tsx(241,92): error TS7026: JSX element implicitly has type 'any' because no interface 'JSX.IntrinsicElements' exists.
src/pages/StockPage.tsx(242,49): error TS7026: JSX element implicitly has type 'any' because no interface 'JSX.IntrinsicElements' exists.
src/pages/StockPage.tsx(245,49): error TS7026: JSX element implicitly has type 'any' because no interface 'JSX.IntrinsicElements' exists.
src/pages/StockPage.tsx(246,45): error TS7026: JSX element implicitly has type 'any' because no interface 'JSX.IntrinsicElements' exists.
src/pages/StockPage.tsx(247,41): error TS7026: JSX element implicitly has type 'any' because no interface 'JSX.IntrinsicElements' exists.
src/pages/StockPage.tsx(248,41): error TS7026: JSX element implicitly has type 'any' because no interface 'JSX.IntrinsicElements' exists.
src/pages/StockPage.tsx(249,45): error TS7026: JSX element implicitly has type 'any' because no interface 'JSX.IntrinsicElements' exists.
src/pages/StockPage.tsx(250,49): error TS7026: JSX element implicitly has type 'any' because no interface 'JSX.IntrinsicElements' exists.
src/pages/StockPage.tsx(252,49): error TS7026: JSX element implicitly has type 'any' because no interface 'JSX.IntrinsicElements' exists.
src/pages/StockPage.tsx(254,53): error TS7026: JSX element implicitly has type 'any' because no interface 'JSX.IntrinsicElements' exists.
src/pages/StockPage.tsx(256,53): error TS7026: JSX element implicitly has type 'any' because no interface 'JSX.IntrinsicElements' exists.
src/pages/StockPage.tsx(258,45): error TS7026: JSX element implicitly has type 'any' because no interface 'JSX.IntrinsicElements' exists.
src/pages/StockPage.tsx(262,41): error TS7026: JSX element implicitly has type 'any' because no interface 'JSX.IntrinsicElements' exists.
src/pages/StockPage.tsx(266,25): error TS7026: JSX element implicitly has type 'any' because no interface 'JSX.IntrinsicElements' exists.
src/pages/StockPage.tsx(277,21): error TS7026: JSX element implicitly has type 'any' because no interface 'JSX.IntrinsicElements' exists.
src/pages/StockPage.tsx(278,25): error TS7026: JSX element implicitly has type 'any' because no interface 'JSX.IntrinsicElements' exists.
src/pages/StockPage.tsx(282,49): error TS7006: Parameter 'v' implicitly has an 'any' type.
src/pages/StockPage.tsx(295,49): error TS7026: JSX element implicitly has type 'any' because no interface 'JSX.IntrinsicElements' exists.
src/pages/StockPage.tsx(295,114): error TS7026: JSX element implicitly has type 'any' because no interface 'JSX.IntrinsicElements' exists.
src/pages/StockPage.tsx(296,25): error TS7026: JSX element implicitly has type 'any' because no interface 'JSX.IntrinsicElements' exists.
src/pages/StockPage.tsx(298,25): error TS7026: JSX element implicitly has type 'any' because no interface 'JSX.IntrinsicElements' exists.
src/pages/StockPage.tsx(299,29): error TS7026: JSX element implicitly has type 'any' because no interface 'JSX.IntrinsicElements' exists.
src/pages/StockPage.tsx(302,29): error TS7026: JSX element implicitly has type 'any' because no interface 'JSX.IntrinsicElements' exists.
src/pages/StockPage.tsx(303,29): error TS7026: JSX element implicitly has type 'any' because no interface 'JSX.IntrinsicElements' exists.
src/pages/StockPage.tsx(306,55): error TS7026: JSX element implicitly has type 'any' because no interface 'JSX.IntrinsicElements' exists.
src/pages/StockPage.tsx(306,122): error TS7026: JSX element implicitly has type 'any' because no interface 'JSX.IntrinsicElements' exists.
src/pages/StockPage.tsx(307,29): error TS7026: JSX element implicitly has type 'any' because no interface 'JSX.IntrinsicElements' exists.
src/pages/StockPage.tsx(308,25): error TS7026: JSX element implicitly has type 'any' because no interface 'JSX.IntrinsicElements' exists.
src/pages/StockPage.tsx(310,25): error TS7026: JSX element implicitly has type 'any' because no interface 'JSX.IntrinsicElements' exists.
src/pages/StockPage.tsx(311,29): error TS7026: JSX element implicitly has type 'any' because no interface 'JSX.IntrinsicElements' exists.
src/pages/StockPage.tsx(314,29): error TS7026: JSX element implicitly has type 'any' because no interface 'JSX.IntrinsicElements' exists.
src/pages/StockPage.tsx(315,29): error TS7026: JSX element implicitly has type 'any' because no interface 'JSX.IntrinsicElements' exists.
src/pages/StockPage.tsx(318,29): error TS7026: JSX element implicitly has type 'any' because no interface 'JSX.IntrinsicElements' exists.
src/pages/StockPage.tsx(319,25): error TS7026: JSX element implicitly has type 'any' because no interface 'JSX.IntrinsicElements' exists.
src/pages/StockPage.tsx(321,25): error TS7026: JSX element implicitly has type 'any' because no interface 'JSX.IntrinsicElements' exists.
src/pages/StockPage.tsx(324,25): error TS7026: JSX element implicitly has type 'any' because no interface 'JSX.IntrinsicElements' exists.
src/pages/StockPage.tsx(334,21): error TS7026: JSX element implicitly has type 'any' because no interface 'JSX.IntrinsicElements' exists.
src/pages/StockPage.tsx(344,21): error TS7026: JSX element implicitly has type 'any' because no interface 'JSX.IntrinsicElements' exists.
src/pages/StockPage.tsx(345,25): error TS7026: JSX element implicitly has type 'any' because no interface 'JSX.IntrinsicElements' exists.
src/pages/StockPage.tsx(349,49): error TS7006: Parameter 'v' implicitly has an 'any' type.
src/pages/StockPage.tsx(362,50): error TS7026: JSX element implicitly has type 'any' because no interface 'JSX.IntrinsicElements' exists.
src/pages/StockPage.tsx(362,116): error TS7026: JSX element implicitly has type 'any' because no interface 'JSX.IntrinsicElements' exists.
src/pages/StockPage.tsx(363,25): error TS7026: JSX element implicitly has type 'any' because no interface 'JSX.IntrinsicElements' exists.
src/pages/StockPage.tsx(365,25): error TS7026: JSX element implicitly has type 'any' because no interface 'JSX.IntrinsicElements' exists.
src/pages/StockPage.tsx(366,29): error TS7026: JSX element implicitly has type 'any' because no interface 'JSX.IntrinsicElements' exists.
src/pages/StockPage.tsx(369,29): error TS7026: JSX element implicitly has type 'any' because no interface 'JSX.IntrinsicElements' exists.
src/pages/StockPage.tsx(370,29): error TS7026: JSX element implicitly has type 'any' because no interface 'JSX.IntrinsicElements' exists.
src/pages/StockPage.tsx(373,56): error TS7026: JSX element implicitly has type 'any' because no interface 'JSX.IntrinsicElements' exists.
src/pages/StockPage.tsx(373,124): error TS7026: JSX element implicitly has type 'any' because no interface 'JSX.IntrinsicElements' exists.
src/pages/StockPage.tsx(374,29): error TS7026: JSX element implicitly has type 'any' because no interface 'JSX.IntrinsicElements' exists.
src/pages/StockPage.tsx(375,25): error TS7026: JSX element implicitly has type 'any' because no interface 'JSX.IntrinsicElements' exists.
src/pages/StockPage.tsx(377,25): error TS7026: JSX element implicitly has type 'any' because no interface 'JSX.IntrinsicElements' exists.
src/pages/StockPage.tsx(380,25): error TS7026: JSX element implicitly has type 'any' because no interface 'JSX.IntrinsicElements' exists.
src/pages/StockPage.tsx(390,21): error TS7026: JSX element implicitly has type 'any' because no interface 'JSX.IntrinsicElements' exists.
src/pages/StockPage.tsx(393,9): error TS7026: JSX element implicitly has type 'any' because no interface 'JSX.IntrinsicElements' exists.
src/stores/authStore.ts(1,24): error TS2307: Cannot find module 'zustand' or its corresponding type declarations.
src/stores/authStore.ts(20,48): error TS7006: Parameter 'set' implicitly has an 'any' type.
